01:24:51 **** Incremental Build of configuration Debug for project UART2_Example ****
make -j12 all 
arm-none-eabi-gcc "../Core/Src/main_app.c" -mcpu=cortex-m3 -std=gnu11 -g3 -DDEBUG -DUSE_HAL_DRIVER -DSTM32F103xB -c -I../Core/Inc -I../Drivers/STM32F1xx_HAL_Driver/Inc/Legacy -I../Drivers/STM32F1xx_HAL_Driver/Inc -I../Drivers/CMSIS/Device/ST/STM32F1xx/Include -I../Drivers/CMSIS/Include -O0 -ffunction-sections -fdata-sections -Wall -fstack-usage -MMD -MP -MF"Core/Src/main_app.d" -MT"Core/Src/main_app.o" --specs=nano.specs -mfloat-abi=soft -mthumb -o "Core/Src/main_app.o"
arm-none-eabi-gcc -o "UART2_Example.elf" @"objects.list"   -mcpu=cortex-m3 -T"C:\Users\arath\Desktop\Embedded Software\Mastering Microcontrollers Timers, PWM, CAN, Low Power\MCU2\my_workspace\MasteringMCU2_WS\UART2_Example\STM32F103C8TX_FLASH.ld" --specs=nosys.specs -Wl,-Map="UART2_Example.map" -Wl,--gc-sections -static --specs=nano.specs -mfloat-abi=soft -mthumb -Wl,--start-group -lc -lm -Wl,--end-group
Finished building target: UART2_Example.elf
 
arm-none-eabi-size   UART2_Example.elf 
arm-none-eabi-objdump -h -S  UART2_Example.elf  > "UART2_Example.list"
   text	   data	    bss	    dec	    hex	filename
   6068	     24	   1640	   7732	   1e34	UART2_Example.elf
Finished building: default.size.stdout
 
Finished building: UART2_Example.list
 
01:25:37 **** Incremental Build of configuration Debug for project UART2_Example ****
make -j12 all 
arm-none-eabi-size   UART2_Example.elf 
   text	   data	    bss	    dec	    hex	filename
   6068	     24	   1640	   7732	   1e34	UART2_Example.elf
Finished building: default.size.stdout
 
01:27:01 **** Incremental Build of configuration Debug for project UART2_Example ****
make -j12 all 
arm-none-eabi-gcc "../Core/Src/main_app.c" -mcpu=cortex-m3 -std=gnu11 -g3 -DDEBUG -DUSE_HAL_DRIVER -DSTM32F103xB -c -I../Core/Inc -I../Drivers/STM32F1xx_HAL_Driver/Inc/Legacy -I../Drivers/STM32F1xx_HAL_Driver/Inc -I../Drivers/CMSIS/Device/ST/STM32F1xx/Include -I../Drivers/CMSIS/Include -O0 -ffunction-sections -fdata-sections -Wall -fstack-usage -MMD -MP -MF"Core/Src/main_app.d" -MT"Core/Src/main_app.o" --specs=nano.specs -mfloat-abi=soft -mthumb -o "Core/Src/main_app.o"
arm-none-eabi-gcc -o "UART2_Example.elf" @"objects.list"   -mcpu=cortex-m3 -T"C:\Users\arath\Desktop\Embedded Software\Mastering Microcontrollers Timers, PWM, CAN, Low Power\MCU2\my_workspace\MasteringMCU2_WS\UART2_Example\STM32F103C8TX_FLASH.ld" --specs=nosys.specs -Wl,-Map="UART2_Example.map" -Wl,--gc-sections -static --specs=nano.specs -mfloat-abi=soft -mthumb -Wl,--start-group -lc -lm -Wl,--end-group
Finished building target: UART2_Example.elf
 
arm-none-eabi-size   UART2_Example.elf 
arm-none-eabi-objdump -h -S  UART2_Example.elf  > "UART2_Example.list"
   text	   data	    bss	    dec	    hex	filename
   6068	     24	   1640	   7732	   1e34	UART2_Example.elf
Finished building: default.size.stdout
 
Finished building: UART2_Example.list
 
